[carpentersshelter.org/index.html]
[backblue.gif]
[fade.gif]
[index.html]
[carpentersshelter.org/wp-content/themes/astra/assets/css/minified/main.mina288.css]
[carpentersshelter.org/wp-content/plugins/custom-facebook-feed/assets/css/cff-style.mind19b.css]
[maxcdn.bootstrapcdn.com/font-awesome/4.7.0/css/font-awesome.min109c.css]
[carpentersshelter.org/wp-content/plugins/gravityforms/assets/css/dist/basic.mindf1a.css]
[carpentersshelter.org/wp-content/plugins/gravityforms/assets/css/dist/theme-ie11.mindf1a.css]
[carpentersshelter.org/wp-content/plugins/gravityforms/assets/css/dist/theme.mindf1a.css]
[carpentersshelter.org/wp-content/themes/astra/assets/css/minified/compatibility/gravity-forms.mina288.css]
[carpentersshelter.org/wp-content/uploads/elementor/css/custom-frontend.minb42b.css]
[carpentersshelter.org/wp-content/plugins/essential-addons-for-elementor-lite/assets/front-end/css/view/general.min8bc9.css]
[carpentersshelter.org/wp-content/uploads/essential-addons-elementor/eael-6d049.css]
[carpentersshelter.org/wp-content/plugins/elementor/assets/lib/swiper/v8/css/swiper.min94a4.css]
[carpentersshelter.org/comments/feed/index.html]
[carpentersshelter.org/wp-content/plugins/elementor/assets/css/conditionals/e-swiper.min52dd.css]
[carpentersshelter.org/feed/index.html]
[carpentersshelter.org/wp-content/uploads/elementor/css/post-63557bc.css]
[carpentersshelter.org/wp-content/uploads/elementor/css/custom-pro-frontend.min57bc.css]
[carpentersshelter.org/wp-content/plugins/elementor/assets/css/widget-text-editor.min52dd.css]
[carpentersshelter.org/wp-content/plugins/elementor/assets/css/widget-image.min52dd.css]
[carpentersshelter.org/wp-content/plugins/elementor/assets/css/widget-heading.min52dd.css]
[carpentersshelter.org/wp-content/uploads/elementor/css/custom-widget-icon-box.minb42b.css]
[carpentersshelter.org/wp-content/uploads/elementor/css/custom-widget-star-rating.minb42b.css]
[carpentersshelter.org/wp-content/plugins/elementor-pro/assets/css/widget-gallery.min57a7.css]
[carpentersshelter.org/wp-content/plugins/elementor/assets/lib/e-gallery/css/e-gallery.min7359.css]
[carpentersshelter.org/wp-content/plugins/elementor/assets/css/widget-counter.min52dd.css]
[carpentersshelter.org/wp-content/uploads/elementor/css/post-6700d.css]
[carpentersshelter.org/wp-content/plugins/smart-slider-3/Public/SmartSlider3/Application/Frontend/Assets/dist/smartslider.min7c1e.css]
[carpentersshelter.org/wp-content/plugins/smart-slider-3/Public/SmartSlider3/Application/Frontend/Assets/dist/n2.min7c1e.js]
[carpentersshelter.org/wp-content/plugins/smart-slider-3/Public/SmartSlider3/Application/Frontend/Assets/dist/smartslider-frontend.min7c1e.js]
[carpentersshelter.org/wp-content/plugins/smart-slider-3/Public/SmartSlider3/Slider/SliderType/Simple/Assets/dist/ss-simple.min7c1e.js]
[carpentersshelter.org/wp-content/plugins/smart-slider-3/Public/SmartSlider3/Widget/Arrow/ArrowImage/Assets/dist/w-arrow-image.min7c1e.js]
[carpentersshelter.org/wp-includes/js/jquery/jquery.minf43b.js]
[carpentersshelter.org/wp-includes/js/jquery/jquery-migrate.min5589.js]
[carpentersshelter.org/wp-content/plugins/gravityforms/js/jquery.json.mindf1a.js]
[carpentersshelter.org/wp-content/plugins/gravityforms/js/gravityforms.mindf1a.js]
[carpentersshelter.org/wp-content/plugins/gravityforms/js/conditional_logic.mindf1a.js]
[www.google.com/recaptcha/apicece.js]
[carpentersshelter.org/wp-content/plugins/gravityforms/assets/js/dist/utils.minbdb4.js]
[carpentersshelter.org/wp-json/index.html]
[carpentersshelter.org/wp-json/wp/v2/pages/6.json]
[carpentersshelter.org/xmlrpc0db0.php]
[carpentersshelter.org/wp-json/oembed/1.0/embed5033.json]
[carpentersshelter.org/wp-json/oembed/1.0/embededc7]
[carpentersshelter.org/wp-content/uploads/2024/02/cropped-logo-32x32.png]
[carpentersshelter.org/wp-content/uploads/2024/02/cropped-logo-192x192.png]
[carpentersshelter.org/wp-content/uploads/2024/02/cropped-logo-180x180.png]
[carpentersshelter.org/wp-content/uploads/2024/02/cropped-logo-1-200x64.png]
[carpentersshelter.org/wp-content/uploads/2024/02/Hoffman-Center-Carpenters-Shelter-Classroom-Photo-by-Carrie-Keene-6-1-scaled.jpg]
[carpentersshelter.org/wp-content/uploads/2024/10/Thank-You-Cook-Off-2024-Website-Slider-1.png]
[carpentersshelter.org/about/index.html]
[carpentersshelter.org/new-heights/index.html]
[carpentersshelter.org/board-of-directors/index.html]
[carpentersshelter.org/stories/index.html]
[carpentersshelter.org/careers/index.html]
[carpentersshelter.org/staff-members/index.html]
[carpentersshelter.org/wp-content/uploads/2024/03/Kitchen-Volunters-Serving-2-scaled.jpg]
[carpentersshelter.org/wp-content/uploads/2024/02/For-history-page-1_edited-768x576-1.jpg]
[carpentersshelter.org/wp-content/uploads/2024/02/history-building-old-1.png]
[carpentersshelter.org/wp-content/uploads/2024/03/35-Clean-Sheets-Donate-Tile.png]
[carpentersshelter.org/wp-content/uploads/2024/03/50-Diapers-Donate-Tile.png]
[carpentersshelter.org/wp-content/uploads/2024/03/90-Therapy-Session-Donate-Tile.png]
[carpentersshelter.org/events/index.html]
[carpentersshelter.org/wp-content/uploads/2024/03/100-One-Night-Shelter-Donate-Tile.png]
[carpentersshelter.org/wp-content/uploads/2024/03/200-After-School-Snacks-Donate-Tile.png]
[carpentersshelter.org/wp-content/uploads/2024/03/500-Scholarship-Trade-Donate-Tile.png]
[carpentersshelter.org/wp-content/uploads/2021/06/testemonial-2-4.png]
[carpentersshelter.org/wp-content/uploads/2021/06/testimonial-03-free-img-4.png]
[carpentersshelter.org/wp-content/uploads/2021/06/testimonial-13-free-img-4.png]
[carpentersshelter.org/wp-content/uploads/2024/02/CS01-256-400x300-3.jpg]
[carpentersshelter.org/financials-annual-reports/index.html]
[carpentersshelter.org/cook-off/index.html]
[carpentersshelter.org/faqs/index.html]
[carpentersshelter.org/news/index.html]
[carpentersshelter.org/wp-content/uploads/2024/02/Help-a-family-move-into-Housing-Slider.png]
[carpentersshelter.org/wp-content/uploads/2024/02/Volunteer-Slider-resized.jpg]
[carpentersshelter.org/racial-equity/index.html]
[carpentersshelter.org/services/index.html]
[carpentersshelter.org/residential-emergency-shelters/index.html]
[carpentersshelter.org/rapid-re-housing/index.html]
[carpentersshelter.org/wp-content/uploads/2024/02/Meal-Provider-Volunteer-ACS-Luminate-E-News-Banner-1584-x-624-px.png]
[carpentersshelter.org/davids-place/index.html]
[carpentersshelter.org/wp-content/uploads/2024/02/disaster-volunteers-rebuild-nepal-earthquake.jpg]
[carpentersshelter.org/winter-shelter/index.html]
[carpentersshelter.org/wp-content/uploads/2024/02/volunteer-building-house.jpg]
[carpentersshelter.org/case-management/index.html]
[carpentersshelter.org/family-services/index.html]
[carpentersshelter.org/education-and-employment/index.html]
[carpentersshelter.org/wp-content/uploads/2024/02/IISC_EqualityEquity-768x576-1.png]
[carpentersshelter.org/carpenters-clinic/index.html]
[carpentersshelter.org/permanent-support-housing/index.html]
[carpentersshelter.org/wp-content/uploads/2024/02/Children-and-Volunteers-Serving-Lunch-Photo-by-Carrie-Keene-x500.jpg]
[carpentersshelter.org/ways-to-give/index.html]
[carpentersshelter.org/monthly-giving/index.html]
[carpentersshelter.org/wp-content/uploads/2024/02/images.jpg]
[carpentersshelter.org/workplace-corporate-giving/index.html]
[carpentersshelter.org/stock-gifts/index.html]
[carpentersshelter.org/wp-content/uploads/2024/02/shallow-focus-from-male-standing-pathway-middle-grassy-field-scaled.jpg]
[carpentersshelter.org/planned-giving/index.html]
[carpentersshelter.org/in-kind/index.html]
[carpentersshelter.org/campaigns/index.html]
[carpentersshelter.org/wp-content/uploads/2024/02/sitting-people-watching-football-public-place-night-scaled.jpg]
[carpentersshelter.org/wp-content/plugins/gravityforms/images/spinner.svg]
[carpentersshelter.org/wp-content/uploads/2024/03/united-way.png]
[carpentersshelter.org/wp-content/uploads/2024/03/cfc.png]
[carpentersshelter.org/wp-content/uploads/2024/03/NonProfit.jpg]
[carpentersshelter.org/wp-content/uploads/2024/03/120x60-e1496689250807.jpg]
[carpentersshelter.org/wp-content/uploads/elementor/thumbs/SpurRelistSeal24_WhiteBG-qtuzr8lmxya8p9wk1qmrv3p3cvd1yzmqj1uuknwnag.png]
[carpentersshelter.org/volunteer/index.html]
[carpentersshelter.org/contact-us/index.html]
[carpentersshelter.org/sign-up/index.html]
[carpentersshelter.org/residential-shelters/index.html]
[carpentersshelter.org/wp-content/themes/astra/assets/js/minified/frontend.mina288.js]
[acsbapp.com/apps/app/dist/js/app.js]
[carpentersshelter.org/wp-content/plugins/custom-facebook-feed/assets/js/cff-scriptsd19b.js]
[carpentersshelter.org/wp-includes/js/dist/dom-ready.min5346.js]
[carpentersshelter.org/wp-includes/js/dist/hooks.min2757.js]
[carpentersshelter.org/wp-includes/js/dist/i18n.minc33c.js]
[carpentersshelter.org/wp-includes/js/dist/a11y.mine810.js]
[carpentersshelter.org/wp-content/plugins/gravityforms/js/placeholders.jquery.mindf1a.js]
[carpentersshelter.org/wp-content/plugins/gravityforms/assets/js/dist/vendor-theme.minca9e.js]
[carpentersshelter.org/wp-content/plugins/gravityforms/assets/js/dist/scripts-theme.min00af.js]
[carpentersshelter.org/wp-content/plugins/essential-addons-for-elementor-lite/assets/front-end/js/view/general.min8bc9.js]
[carpentersshelter.org/wp-content/uploads/essential-addons-elementor/eael-6d049.js]
[carpentersshelter.org/wp-content/plugins/elementor/assets/lib/e-gallery/js/e-gallery.min7359.js]
[carpentersshelter.org/wp-content/plugins/elementor/assets/lib/jquery-numerator/jquery-numerator.min3958.js]
[carpentersshelter.org/wp-content/plugins/akismet/_inc/akismet-frontend3436.js]
[carpentersshelter.org/wp-content/plugins/elementor-pro/assets/js/webpack-pro.runtime.min57a7.js]
[carpentersshelter.org/wp-content/plugins/elementor/assets/js/webpack.runtime.min52dd.js]
[carpentersshelter.org/wp-content/plugins/elementor/assets/js/frontend-modules.min52dd.js]
[carpentersshelter.org/wp-content/plugins/elementor-pro/assets/js/frontend.min57a7.js]
[carpentersshelter.org/wp-includes/js/jquery/ui/core.minb37e.js]
[carpentersshelter.org/wp-content/plugins/elementor/assets/js/frontend.min52dd.js]
[carpentersshelter.org/index.html]
[carpentersshelter.org/wp-content/plugins/elementor-pro/assets/js/elements-handlers.min57a7.js]
[carpentersshelter.org/wp-content/themes/astra/assets/css/minified/main.mina288.css]
[carpentersshelter.org/wp-content/plugins/custom-facebook-feed/assets/img/cff-avatar.png]
[carpentersshelter.org/wp-content/plugins/custom-facebook-feed/assets/css/cff-style.mind19b.css]
[maxcdn.bootstrapcdn.com/font-awesome/4.7.0/css/font-awesome.min109c.css]
[carpentersshelter.org/wp-content/plugins/gravityforms/fonts/gform-icons-themef60a.woff2]
[carpentersshelter.org/wp-content/plugins/gravityforms/fonts/gform-icons-themef60a.ttf]
[carpentersshelter.org/wp-content/plugins/gravityforms/fonts/gform-icons-themef60a.woff]
[carpentersshelter.org/wp-content/plugins/gravityforms/fonts/gform-icons-themef60a.svg]
[carpentersshelter.org/wp-content/plugins/gravityforms/legacy/css/chosen-sprite.png]
[carpentersshelter.org/wp-content/plugins/gravityforms/legacy/css/chosen-sprite@2x.png]
[carpentersshelter.org/wp-content/plugins/gravityforms/images/gf-creditcards.svg]
[carpentersshelter.org/wp-content/plugins/gravityforms/images/gf-creditcards-check.svg]
[carpentersshelter.org/wp-content/plugins/gravityforms/images/list-add.svg]
[carpentersshelter.org/wp-content/plugins/gravityforms/images/list-remove.svg]
[carpentersshelter.org/wp-content/plugins/gravityforms/assets/css/dist/basic.mindf1a.css]
[carpentersshelter.org/wp-content/plugins/gravityforms/assets/css/dist/theme-components.mindf1a.css]
[carpentersshelter.org/wp-content/plugins/gravityforms/assets/css/dist/theme-ie11.mindf1a.css]
[carpentersshelter.org/wp-content/plugins/gravityforms/images/theme/down-arrow.svg]
[carpentersshelter.org/wp-content/plugins/gravityforms/assets/css/dist/theme.mindf1a.css]
[carpentersshelter.org/wp-content/themes/astra/assets/css/minified/compatibility/gravity-forms.mina288.css]
[carpentersshelter.org/wp-content/uploads/elementor/css/custom-frontend.minb42b.css]
[carpentersshelter.org/wp-content/plugins/essential-addons-for-elementor-lite/assets/front-end/css/view/general.min8bc9.css]
[carpentersshelter.org/wp-content/uploads/essential-addons-elementor/eael-6d049.css]
[carpentersshelter.org/wp-content/plugins/elementor/assets/lib/swiper/v8/css/swiper.min94a4.css]
[carpentersshelter.org/wp-content/plugins/elementor/assets/css/conditionals/e-swiper.min52dd.css]
[carpentersshelter.org/wp-content/uploads/elementor/css/post-63557bc.css]
[carpentersshelter.org/wp-content/uploads/elementor/css/custom-pro-frontend.min57bc.css]
[carpentersshelter.org/wp-content/plugins/elementor/assets/css/widget-text-editor.min52dd.css]
[carpentersshelter.org/wp-content/plugins/elementor/assets/css/widget-image.min52dd.css]
[carpentersshelter.org/wp-content/plugins/elementor/assets/css/widget-heading.min52dd.css]
[carpentersshelter.org/wp-content/uploads/elementor/css/custom-widget-icon-box.minb42b.css]
[carpentersshelter.org/wp-content/uploads/elementor/css/custom-widget-star-rating.minb42b.css]
[carpentersshelter.org/wp-content/plugins/elementor-pro/assets/css/widget-gallery.min57a7.css]
[carpentersshelter.org/wp-content/plugins/elementor/assets/lib/e-gallery/css/e-gallery.min7359.css]
[carpentersshelter.org/wp-content/plugins/elementor/assets/css/widget-counter.min52dd.css]
[carpentersshelter.org/wp-content/uploads/2021/06/shape-3.png]
[carpentersshelter.org/wp-content/uploads/2021/06/CS-Logo-Header-Homepage-Services.png]
[carpentersshelter.org/wp-content/uploads/2024/06/Make-Impact-and-Donate-Today-CS-Website-Homepage-1.png]
[carpentersshelter.org/wp-content/uploads/elementor/css/post-6700d.css]
[carpentersshelter.org/wp-content/plugins/smart-slider-3/Public/SmartSlider3/Application/Frontend/Assets/dist/smartslider.min7c1e.css]
[carpentersshelter.org/xmlrpc0db0.html]
[carpentersshelter.org/wp-content/uploads/2024/03/History-Blessed-Sacrament-Catholic-Church-scaled.jpg]
[carpentersshelter.org/wp-content/uploads/essential-addons-elementor/eael-63646a6.css]
[carpentersshelter.org/wp-content/plugins/elementor/assets/css/conditionals/shapes.min52dd.css]
[carpentersshelter.org/wp-content/uploads/elementor/css/post-6364ec2.css]
[carpentersshelter.org/wp-json/wp/v2/pages/636.json]
[carpentersshelter.org/wp-json/oembed/1.0/embed5e42.json]
[carpentersshelter.org/wp-json/oembed/1.0/embedc4e8]
[carpentersshelter.org/wp-content/uploads/2024/03/history-building-old-2.png]
[carpentersshelter.org/wp-content/uploads/2024/03/History-Blessed-Sacrament-Catholic-Church-300x225.jpg]
[carpentersshelter.org/wp-content/uploads/2024/03/History-Carpenters-Shelter-DMV-Photo-2016-1-300x147.jpg]
[carpentersshelter.org/wp-content/uploads/2024/02/DASH-300x225.jpg]
[carpentersshelter.org/wp-content/uploads/2024/03/History-Demolition-Old-DMV-Building-300x225.jpg]
[carpentersshelter.org/wp-content/uploads/2024/03/New-Heights-Building-cropped-narrow-1-169x3001-1.png]
[carpentersshelter.org/wp-content/uploads/2024/03/Alexandria-Community-Shelter-Front-Building-300x200.jpg]
[carpentersshelter.org/wp-content/uploads/2024/04/2024-Strategic-Plan-One-Pager-1024x799.png]
[carpentersshelter.org/wp-content/uploads/elementor/css/post-34161cf0.css]
[carpentersshelter.org/wp-content/uploads/elementor/css/post-36251cf0.css]
[carpentersshelter.org/wp-content/uploads/essential-addons-elementor/eael-63646a6.js]
[carpentersshelter.org/about/index.html]
[carpentersshelter.org/wp-content/plugins/elementor/assets/css/widget-video.min52dd.css]
[carpentersshelter.org/wp-content/plugins/elementor/assets/css/widget-nested-accordion.min52dd.css]
[carpentersshelter.org/wp-content/uploads/elementor/css/custom-widget-nested-tabs.minb42b.css]
[carpentersshelter.org/wp-content/uploads/elementor/css/post-27217aaa.css]
[carpentersshelter.org/wp-json/wp/v2/pages/2721.json]
[carpentersshelter.org/wp-json/oembed/1.0/embede273.json]
[carpentersshelter.org/wp-json/oembed/1.0/embed8e23]
[carpentersshelter.org/wp-content/uploads/2024/02/NewHeightsLogo-1024x441.jpg]
[carpentersshelter.org/wp-content/uploads/2024/05/New-Heights-Building-Ribbon-Cutting-2020-scaled.jpg]
[carpentersshelter.org/wp-content/uploads/2024/05/New-Heights-Building-Ribbon-Cutting-2020-1-1024x683.jpg]
[carpentersshelter.org/wp-content/uploads/2024/02/New-Learn-scaled-1.jpg]
[carpentersshelter.org/wp-content/uploads/2024/05/Alexandria-Community-Shelter-Front-Building-scaled.jpg]
[carpentersshelter.org/wp-content/uploads/2018/07/2018_07_01_TheZebra_Relocation.pdf]
[carpentersshelter.org/new-heights/index.html]
[carpentersshelter.org/wp-content/uploads/elementor/css/post-940ec72.css]
[carpentersshelter.org/wp-json/wp/v2/pages/940.json]
[carpentersshelter.org/wp-json/oembed/1.0/embed44cb.json]
[carpentersshelter.org/wp-json/oembed/1.0/embeda27a]
[carpentersshelter.org/wp-content/uploads/2024/02/Wolcott-pic.jpg]
[carpentersshelter.org/wp-content/uploads/2024/02/Poersch_WEB.jpg]
[carpentersshelter.org/wp-content/uploads/2024/02/Simone-Putnam.jpg]
[carpentersshelter.org/wp-content/uploads/2024/02/Holman-Shay.jpg]
[carpentersshelter.org/wp-content/uploads/2024/02/Bailey_WEB.jpg]
[carpentersshelter.org/wp-content/uploads/2024/02/Nicole-Bradley-e1651523094446.jpg]
[carpentersshelter.org/wp-content/uploads/2024/07/Nancy-DiPaolo-Board-Member-Headshot_180px.jpg]
[carpentersshelter.org/wp-content/uploads/2024/07/Yolonda-Higdon_180px.jpg]
[carpentersshelter.org/wp-content/uploads/2024/02/LH-Bio-Photo-002.jpg-1-e1669907066641.png]
[carpentersshelter.org/wp-content/uploads/2024/02/Katherine_McCarron-resized.jpg]
[carpentersshelter.org/wp-content/uploads/2024/02/Millben-small.jpg]
[carpentersshelter.org/wp-content/uploads/2024/02/Kisha-Perkins.jpg]
[carpentersshelter.org/wp-content/uploads/2024/02/Tracey-Pilone-resized.png]
[carpentersshelter.org/wp-content/uploads/2024/02/Judy-Geli_High-Res_5892.jpg-e1669907913144.png]
[carpentersshelter.org/wp-content/uploads/2024/02/Shah_WEB.jpg]
[carpentersshelter.org/wp-content/uploads/2024/07/Taylor-Jim-cropped.jpg]
[carpentersshelter.org/wp-content/uploads/2024/07/Donald-Thomas-Picture-180px-e1721633134299.jpg]
[carpentersshelter.org/board-of-directors/index.html]
[carpentersshelter.org/wp-content/uploads/elementor/css/post-1679f693.css]
[carpentersshelter.org/wp-json/wp/v2/pages/1679.json]
[carpentersshelter.org/wp-json/oembed/1.0/embed32ee.json]
[carpentersshelter.org/wp-json/oembed/1.0/embeddc31]
[carpentersshelter.org/wp-content/uploads/2024/05/Shannon-Steene-Staff-Photo-May-2024.png]
[carpentersshelter.org/wp-content/uploads/2024/05/Jamie-Ergas-Staff-Photo-May-2024.png]
[carpentersshelter.org/wp-content/uploads/2024/06/Monise-W.-Quidley-1.png]
[carpentersshelter.org/wp-content/uploads/2024/05/Lawrence-Smith-Staff-Photo-May-2024.png]
[carpentersshelter.org/wp-content/uploads/2024/05/Jacqueline-Bostick-Staff-Photo-May-2024.png]
[carpentersshelter.org/wp-content/uploads/2024/06/Finnie-Caldwell.png]
[carpentersshelter.org/wp-content/uploads/2024/05/Meghan-Cole-Staff-Photo-May-2024.png]
[carpentersshelter.org/wp-content/uploads/2024/05/Wakeena-Corbin-Staff-Photo-May-2024.png]
[carpentersshelter.org/wp-content/uploads/2024/05/Caleb-Crass-Staff-Photo-May-2024.png]
[carpentersshelter.org/wp-content/uploads/2024/05/Jamila-Kenney-Staff-Photo-April-2024.png]
[carpentersshelter.org/wp-content/uploads/2024/05/Mary-Esther-Dattatreyan-Staff-Photo-May-2024-Ver2.png]
[carpentersshelter.org/wp-content/uploads/2024/05/Tiffany-Edmonds-Staff-Photo-May-2024.png]
[carpentersshelter.org/wp-content/uploads/2024/05/Lisa-Floryancic-Staff-Photo-May-2024.png]
[carpentersshelter.org/wp-content/uploads/2024/05/Booker-Henderson-Staff-Photo-May-2024.png]
[carpentersshelter.org/wp-content/uploads/2024/05/Judith-High-Staff-Photo-May-2024-150x150.png]
[carpentersshelter.org/wp-content/uploads/2024/05/Antonio-Ingram-Staff-Photo-Crop-May-2024.png]
[carpentersshelter.org/wp-content/uploads/2024/05/Ryan-Jones-Staff-Photo-May-2024.png]
[carpentersshelter.org/wp-content/uploads/2024/06/Debra-Manigult.png]
[carpentersshelter.org/wp-content/uploads/2024/05/Dyneeka-Miller-Staff-Photo-April-2024.png]
[carpentersshelter.org/wp-content/uploads/2024/05/Gabriel-Ortiz-Staff-Photo-April-2024.png]
[carpentersshelter.org/wp-content/uploads/2024/05/Ellen-Shepard-Staff-Photo-May-2024.png]
[carpentersshelter.org/wp-content/uploads/2024/05/Michael-Shields-Staff-Photo-April-2024.png]
[carpentersshelter.org/wp-content/uploads/2024/05/Cathy-Smyles-Staff-Photo-May-2024.png]
[carpentersshelter.org/wp-content/uploads/2024/05/Teresa-Starr-Staff-Photo-May-2024.png]
[carpentersshelter.org/wp-content/uploads/2024/05/Courtney-Washington-Staff-Photo-May-2024.png]
[carpentersshelter.org/wp-content/uploads/2024/05/Michiko-Yoon-Staff-Photo-April-2024.png]
[carpentersshelter.org/staff-members/index.html]
[carpentersshelter.org/wp-content/uploads/2024/05/Denise-Ziegler-Staff-Photo-May-2024.png]
[carpentersshelter.org/wp-content/plugins/elementor-pro/assets/css/widget-posts.min57a7.css]
[carpentersshelter.org/wp-content/uploads/elementor/css/post-262916f3.css]
[carpentersshelter.org/wp-json/wp/v2/pages/2629.json]
[carpentersshelter.org/wp-json/oembed/1.0/embed287b.json]
[carpentersshelter.org/wp-json/oembed/1.0/embed3cf9]
[carpentersshelter.org/wp-content/uploads/2024/03/DSC_5254-e1464349823924.jpg]
[carpentersshelter.org/wp-content/uploads/2024/03/HP-Client-10-1-e1452193689266.jpg]
[carpentersshelter.org/wp-content/uploads/2024/03/DSC0042-e1452193539277.jpg]
[carpentersshelter.org/wp-content/uploads/2024/03/Crystal.jpg]
[carpentersshelter.org/our_stories/jeff-2/index.html]
[carpentersshelter.org/wp-content/uploads/2024/03/Ms-Peggy-2.jpg]
[carpentersshelter.org/our_stories/sandy/index.html]
[carpentersshelter.org/our_stories/jada/index.html]
[carpentersshelter.org/our_stories/linda/index.html]
[carpentersshelter.org/wp-content/uploads/2024/03/Viviane.jpg]
[carpentersshelter.org/wp-includes/js/imagesloaded.minbb93.js]
[carpentersshelter.org/stories/index.html]
[carpentersshelter.org/wp-content/uploads/elementor/css/post-1561f9af.css]
[carpentersshelter.org/our_stories/violet/index.html]
[carpentersshelter.org/our_stories/viviane/index.html]
[carpentersshelter.org/wp-json/wp/v2/pages/1561.json]
[carpentersshelter.org/stories/2/index.html]
[carpentersshelter.org/wp-json/oembed/1.0/embed6d91.json]
[carpentersshelter.org/wp-json/oembed/1.0/embedef41]
[carpentersshelter.org/careers/index.html]
[carpentersshelter.org/wp-content/uploads/elementor/css/post-2649cd91.css]
[carpentersshelter.org/jobs/kitchen-coordinator/index.html]
[carpentersshelter.org/wp-json/wp/v2/pages/2649.json]
[carpentersshelter.org/wp-json/oembed/1.0/embedd8b6.json]
[carpentersshelter.org/wp-json/oembed/1.0/embed31cf]
[carpentersshelter.org/events/index.html]
[carpentersshelter.org/wp-content/uploads/elementor/css/post-2121a7dd.css]
[carpentersshelter.org/wp-content/uploads/2024/05/Screenshot-2024-05-24-132652.png]
[carpentersshelter.org/wp-json/wp/v2/pages/2121.json]
[carpentersshelter.org/wp-json/oembed/1.0/embed4818.json]
[carpentersshelter.org/wp-json/oembed/1.0/embedc443]
[carpentersshelter.org/wp-content/uploads/2024/08/Cook-Off-Logo-Transparent-Background-768x768-1.png]
[carpentersshelter.org/wp-content/uploads/2024/08/Hard-Times-Cafe-Logo.png]
[carpentersshelter.org/wp-content/uploads/2024/08/What-the-Chef-20-917x900-1.png]
[carpentersshelter.org/wp-content/uploads/2024/08/The-Majestic.png]
[carpentersshelter.org/wp-content/uploads/2024/08/Hen-Quarter-Logo.png]
[carpentersshelter.org/wp-content/uploads/2024/08/The-Warehouse-Logo-1-1024x419.png]
[carpentersshelter.org/wp-content/uploads/2024/08/2019-Catering-1024x470.png]
[carpentersshelter.org/wp-content/uploads/2024/08/The-Royal-Restaurant-Logo.jpg]
[carpentersshelter.org/wp-content/uploads/2024/08/Mystic-BBQ-and-Grill-Logo-1024x520.jpg]
[carpentersshelter.org/wp-content/uploads/2024/09/PORK_BARREL-logo.jpg]
[carpentersshelter.org/wp-content/uploads/2024/02/The-Wharf-Logo-Blue_waifu2x_art_noise2_tta_1-1200x365-1.png]
[carpentersshelter.org/wp-content/uploads/2024/09/Rubys-Jamaican-Kitchen-1024x731.webp]
[carpentersshelter.org/wp-content/uploads/2024/02/Dishes-of-India-Logo-2.jpg]
[carpentersshelter.org/wp-content/uploads/2024/08/Nandos-Logo-247x180-1.jpg]
[carpentersshelter.org/wp-content/uploads/2024/09/Carpenters-Cafe-Logo.jpg]
[carpentersshelter.org/wp-content/uploads/2024/08/Mishas-logo.jpg]
[carpentersshelter.org/wp-content/uploads/2024/02/union-street-270x180-1.jpg]
[carpentersshelter.org/wp-content/uploads/2024/09/celebrity-judge-1-300x300.png]
[carpentersshelter.org/wp-content/uploads/2024/09/celebrity-judge-300x300.png]
[carpentersshelter.org/wp-content/uploads/2024/09/Samantha-McCrimmon-Cook-Off-Judge-270x300.jpg]
[carpentersshelter.org/wp-content/uploads/2024/07/Cook-Off-2024-Sponsorship-Package.pdf]
[carpentersshelter.org/wp-content/uploads/2024/08/Passport-Auto-with-Logos_TransparentBG-1536x329.png]
[carpentersshelter.org/wp-content/uploads/2024/09/Amazon-Logo.png]
[carpentersshelter.org/wp-content/uploads/2024/02/PPL-Logo-1.png]
[carpentersshelter.org/wp-content/uploads/2024/09/FC-PCSI-Logo-TBG-.png]
[carpentersshelter.org/wp-content/uploads/2024/02/Virginia-Housing-RGB-2Line-400x300-1.jpg]
[carpentersshelter.org/wp-content/uploads/2024/02/corporate_Comcast-NBCUniversal-Stacked-768x432-1.png]
[carpentersshelter.org/wp-content/uploads/2024/02/HH-Logistics-Planning-180x180-1.png]
[carpentersshelter.org/wp-content/uploads/2024/08/Inova.png]
[carpentersshelter.org/wp-content/uploads/2024/02/Nexus-Direct-Logo-360x80-1.png]
[carpentersshelter.org/wp-content/uploads/2024/02/Brainseed-Testing.png]
[carpentersshelter.org/wp-content/uploads/2024/09/Morgan-Stanley-Private-Wealth-Management.png]
[carpentersshelter.org/wp-content/uploads/2024/02/LM-Management-logo-188x180-1.jpg]
[carpentersshelter.org/wp-content/uploads/2024/09/SharpEDG-Logo.png]
[carpentersshelter.org/wp-content/uploads/2024/02/The-UPS-Store-logo-6in-360x92-1.jpg]
[carpentersshelter.org/wp-content/uploads/2024/02/Pedego-Logo-344x180-1.png]
[carpentersshelter.org/cook-off/index.html]
[carpentersshelter.org/wp-content/uploads/2024/02/comfort-cruiser-3-768x633-1.jpg]
[carpentersshelter.org/wp-content/uploads/elementor/css/custom-widget-icon-list.minb42b.css]
[carpentersshelter.org/wp-content/uploads/elementor/css/post-15924ddc.css]
[carpentersshelter.org/wp-json/wp/v2/pages/1592.json]
[carpentersshelter.org/wp-json/oembed/1.0/embed7552.json]
[carpentersshelter.org/wp-json/oembed/1.0/embede903]
[carpentersshelter.org/wp-content/uploads/2024/04/85535_Carpenters_Shelter_Annual_Report_New_150.pdf]
[carpentersshelter.org/wp-content/uploads/2024/03/Financials-2023-CS-Annual-Report-Cover.jpg]
[carpentersshelter.org/wp-content/uploads/2024/05/CS-FY2023-Form-990-Public-Disclosure-Copy-3.pdf]
[carpentersshelter.org/wp-content/uploads/2024/05/CS-2023-FS-Final-3.pdf]
[carpentersshelter.org/wp-content/uploads/2024/02/CS_Annual_Momentum_Mech_04-25-23_FINAL_LoRes-1-2022.pdf]
[carpentersshelter.org/wp-content/uploads/2024/02/CS_2021annualreport_FullLayout_FINAL-1-2021.pdf]
[carpentersshelter.org/wp-content/uploads/2024/02/Annual-Report-2020.pdf]
[carpentersshelter.org/wp-content/uploads/2024/02/cs_2019annualreport04-pages-2019.pdf]
[carpentersshelter.org/wp-content/uploads/2024/02/CS_AR18_v4.1_CB_Compressed-2018.pdf]
[carpentersshelter.org/wp-content/uploads/2024/02/FY17-Annual-Report-reduced-size-2017.pdf]
[carpentersshelter.org/wp-content/uploads/2024/02/CS_AnnualReport16-2016.pdf]
[carpentersshelter.org/wp-content/uploads/2024/02/Impact-Report-3-2015-1.pdf]
[carpentersshelter.org/wp-content/uploads/2024/02/Annual-Report-2015_FINAL-2015-2.pdf]
[carpentersshelter.org/wp-content/uploads/2024/02/CS_Annual_Report_2014_online-2014.pdf]
[carpentersshelter.org/wp-content/uploads/2024/02/Carpenters-Shelter-AR-2013-FINAL-2013.pdf]
[carpentersshelter.org/wp-content/uploads/2024/02/annualreportfinal-2012.pdf]
[carpentersshelter.org/financials-annual-reports/index.html]
[carpentersshelter.org/wp-content/uploads/elementor/css/post-1650f142.css]
[carpentersshelter.org/wp-json/wp/v2/pages/1650.json]
[carpentersshelter.org/wp-json/oembed/1.0/embed0688.json]
[carpentersshelter.org/wp-json/oembed/1.0/embed4aed]
[carpentersshelter.org/faqs/index.html]
[carpentersshelter.org/wp-content/plugins/elementor-pro/assets/css/widget-loop-builder.min57a7.css]
[carpentersshelter.org/wp-content/uploads/elementor/css/post-1678911a.css]
[carpentersshelter.org/wp-json/wp/v2/pages/1678.json]
[carpentersshelter.org/wp-json/oembed/1.0/embed38d5.json]
[carpentersshelter.org/wp-json/oembed/1.0/embed549d]
[carpentersshelter.org/wp-content/uploads/2024/06/Jan-2024-E-News.pdf]
[carpentersshelter.org/wp-content/uploads/2024/06/February-2024-E-News.pdf]
[carpentersshelter.org/wp-content/uploads/2024/06/March-2024-E-News.pdf]
[carpentersshelter.org/wp-content/uploads/2024/06/April-2024-E-News.pdf]
[carpentersshelter.org/wp-content/uploads/2024/06/May-2024-E-Newsletter.pdf]
[carpentersshelter.org/wp-content/uploads/2024/06/June-2024-E-News-Final.pdf]
[carpentersshelter.org/wp-content/uploads/essential-addons-elementor/eael-9153b84c.css]
[carpentersshelter.org/wp-content/uploads/elementor/css/post-91536f24.css]
[carpentersshelter.org/wp-content/uploads/essential-addons-elementor/eael-9153b84c.js]
[carpentersshelter.org/news/index.html]
[carpentersshelter.org/wp-content/uploads/elementor/css/post-1663b893.css]
[carpentersshelter.org/wp-json/wp/v2/pages/1663.json]
[carpentersshelter.org/wp-json/oembed/1.0/embed304d.json]
[carpentersshelter.org/wp-json/oembed/1.0/embedc657]
[carpentersshelter.org/wp-content/uploads/2024/06/Board-Belief-Statement-Final.pdf]
[carpentersshelter.org/wp-content/uploads/2024/02/Racial-Equity-Learning-Series-Compilation-pdf.pdf]
[carpentersshelter.org/racial-equity/index.html]
[carpentersshelter.org/wp-content/uploads/essential-addons-elementor/eael-939875c.css]
[carpentersshelter.org/wp-content/uploads/elementor/css/post-9397185.css]
[carpentersshelter.org/wp-json/wp/v2/pages/939.json]
[carpentersshelter.org/wp-json/oembed/1.0/embede879.json]
[carpentersshelter.org/wp-json/oembed/1.0/embed79fe]
[carpentersshelter.org/wp-content/uploads/2024/03/Family-Bedroom-The-Hoffman-Center-scaled.jpg]
[carpentersshelter.org/wp-content/uploads/2024/03/Rapid-Re-Housing-1-scaled.jpg]
[carpentersshelter.org/wp-content/uploads/2024/03/Davids-Place-Hoffman-Center-CS-scaled.jpg]
[carpentersshelter.org/wp-content/uploads/2024/03/Education-and-Job-Training-scaled.jpg]
[carpentersshelter.org/wp-content/uploads/2024/03/Family-Services-scaled.jpg]
[carpentersshelter.org/wp-content/uploads/2024/07/ACS-Winter-Shelter-1-2-scaled.jpg]
[carpentersshelter.org/wp-content/uploads/2024/03/Carpenters-Clinic-scaled.jpg]
[carpentersshelter.org/wp-content/uploads/essential-addons-elementor/eael-939875c.js]
[carpentersshelter.org/services/index.html]
[carpentersshelter.org/wp-content/uploads/2024/03/Case-Management.jpg]
[carpentersshelter.org/wp-content/uploads/elementor/css/post-6907c963.css]
[carpentersshelter.org/wp-json/wp/v2/pages/6907.json]
[carpentersshelter.org/wp-json/oembed/1.0/embed2fb3.json]
[carpentersshelter.org/wp-json/oembed/1.0/embedf2b9]
[carpentersshelter.org/wp-content/uploads/2024/03/History-New-Heights-Building-Hoffman-Center-CS-1024x683.jpg]
[carpentersshelter.org/wp-content/uploads/2024/06/Davids-Place-Header-Image-CS-Website-1.png]
[carpentersshelter.org/wp-content/uploads/2024/03/Alexandria-Community-Shelter-Front-Building-1024x683.jpg]
[carpentersshelter.org/wp-content/uploads/2024/07/Alexandria-Community-Shelter-Serving-Lunch-1-1024x683.jpg]
[carpentersshelter.org/wp-content/uploads/2024/07/ACS-Winter-Shelter-1-1024x683.jpg]
[carpentersshelter.org/wp-content/uploads/2024/07/ACS-Winter-Shelter-1-2-1024x683.jpg]
[carpentersshelter.org/residential-emergency-shelters/index.html]
[carpentersshelter.org/wp-content/uploads/2024/03/Davids-Place-Hoffman-Center-CS-1024x683.jpg]
[carpentersshelter.org/wp-content/uploads/elementor/css/post-3854fc90.css]
[carpentersshelter.org/wp-json/wp/v2/pages/3854.json]
[carpentersshelter.org/wp-json/oembed/1.0/embedeefe.json]
[carpentersshelter.org/wp-json/oembed/1.0/embed96bd]
[carpentersshelter.org/wp-content/uploads/2024/03/Rapid-Re-Housing-1-1024x683.jpg]
[carpentersshelter.org/wp-content/uploads/2024/03/Elizabeth-Shake-the-Keys-Jan-2024-1024x683.jpg]
[carpentersshelter.org/rapid-re-housing/index.html]
[carpentersshelter.org/wp-content/uploads/2024/07/Rapid-Re-Housing-1-1-1024x683.jpg]
[carpentersshelter.org/wp-content/uploads/elementor/css/post-39286dd8.css]
[carpentersshelter.org/wp-json/wp/v2/pages/3928.json]
[carpentersshelter.org/wp-json/oembed/1.0/embede44b.json]
[carpentersshelter.org/wp-json/oembed/1.0/embed5f9f]
[carpentersshelter.org/davids-place/index.html]
[carpentersshelter.org/wp-content/uploads/elementor/css/post-3945d7e3.css]
[carpentersshelter.org/wp-json/wp/v2/pages/3945.json]
[carpentersshelter.org/wp-json/oembed/1.0/embed1d12.json]
[carpentersshelter.org/wp-json/oembed/1.0/embedaa42]
[carpentersshelter.org/winter-shelter/index.html]
[carpentersshelter.org/wp-content/uploads/elementor/css/post-3970f60f.css]
[carpentersshelter.org/wp-json/wp/v2/pages/3970.json]
[carpentersshelter.org/wp-json/oembed/1.0/embed2e65.json]
[carpentersshelter.org/wp-json/oembed/1.0/embedd9ab]
[carpentersshelter.org/case-management/index.html]
[carpentersshelter.org/wp-content/uploads/2024/03/Family-Services-1024x683.jpg]
[carpentersshelter.org/wp-content/uploads/elementor/css/post-4023ca26.css]
[carpentersshelter.org/wp-json/wp/v2/pages/4023.json]
[carpentersshelter.org/wp-json/oembed/1.0/embedb0b0.json]
[carpentersshelter.org/wp-json/oembed/1.0/embed77fa]
[carpentersshelter.org/wp-content/uploads/2024/03/Education-and-Job-Training-1024x768.jpg]
[carpentersshelter.org/education-and-employment/index.html]
[carpentersshelter.org/wp-content/uploads/2024/03/Job-Coach-1-1024x768.jpg]
[carpentersshelter.org/wp-content/uploads/elementor/css/post-40401b5d.css]
[carpentersshelter.org/wp-json/wp/v2/pages/4040.json]
[carpentersshelter.org/wp-json/oembed/1.0/embedcd41.json]
[carpentersshelter.org/wp-json/oembed/1.0/embed0525]
[carpentersshelter.org/family-services/index.html]
[carpentersshelter.org/wp-content/uploads/2024/06/Children-and-Family-Services-1-1024x683.jpg]
[carpentersshelter.org/wp-content/uploads/elementor/css/post-4057a825.css]
[carpentersshelter.org/wp-json/wp/v2/pages/4057.json]
[carpentersshelter.org/wp-json/oembed/1.0/embedce37.json]
[carpentersshelter.org/wp-json/oembed/1.0/embede49b]
[carpentersshelter.org/carpenters-clinic/index.html]
[carpentersshelter.org/wp-content/uploads/elementor/css/post-82252d62.css]
[carpentersshelter.org/wp-json/wp/v2/pages/8225.json]
[carpentersshelter.org/wp-json/oembed/1.0/embed2c56.json]
[carpentersshelter.org/wp-json/oembed/1.0/embed7bdf]
[carpentersshelter.org/wp-content/uploads/2024/07/CS2-057-1024x683.jpg]
[carpentersshelter.org/permanent-support-housing/index.html]
[carpentersshelter.org/wp-content/uploads/2024/07/CS2-001-1024x683.jpg]
[carpentersshelter.org/wp-content/uploads/essential-addons-elementor/eael-2720f664.css]
[carpentersshelter.org/wp-content/uploads/elementor/css/post-2720570a.css]
[carpentersshelter.org/wp-json/wp/v2/pages/2720.json]
[carpentersshelter.org/wp-json/oembed/1.0/embed7f58.json]
[carpentersshelter.org/wp-json/oembed/1.0/embed07d2]
[carpentersshelter.org/wp-content/uploads/2024/06/way-to-give-Inova-Health-Equity-Grant-Shannon-Steene-Photo-2-Melissa-Riddy-1024x768.jpg]
[carpentersshelter.org/wp-content/uploads/2018/01/Donor-Privacy-Policy.pdf]
[carpentersshelter.org/wp-content/uploads/2024/03/Ways-to-Give-Monthly-Giving-Tile.png]
[carpentersshelter.org/wp-content/uploads/2024/03/Corporate-Giving-Tile.png]
[carpentersshelter.org/wp-content/uploads/2024/03/Ways-to-Give-Stock-Giving-Tile.png]
[carpentersshelter.org/wp-content/uploads/2024/03/Ways-to-Give-Planned-Giving-Tile.png]
[carpentersshelter.org/wp-content/uploads/2024/03/Ways-to-Give-In-Kind.png]
[carpentersshelter.org/wp-content/uploads/2024/07/Ways-to-Give-Campaigns-Tile-1.png]
[carpentersshelter.org/wp-content/uploads/essential-addons-elementor/eael-2720f664.js]
[carpentersshelter.org/ways-to-give/index.html]
[carpentersshelter.org/wp-content/uploads/elementor/css/post-3565cd5c.css]
[carpentersshelter.org/Campaigns/index-2.html]
[carpentersshelter.org/wp-json/wp/v2/pages/3565.json]
[carpentersshelter.org/wp-json/oembed/1.0/embed45f9.json]
[carpentersshelter.org/wp-json/oembed/1.0/embed68ad]
[carpentersshelter.org/monthly-giving/index.html]
[carpentersshelter.org/wp-content/uploads/elementor/css/post-3577e677.css]
[carpentersshelter.org/wp-json/wp/v2/pages/3577.json]
[carpentersshelter.org/wp-json/oembed/1.0/embed403a.json]
[carpentersshelter.org/wp-json/oembed/1.0/embed00be]
[carpentersshelter.org/workplace-corporate-giving/index.html]
[carpentersshelter.org/wp-content/uploads/elementor/css/post-3606fd93.css]
[carpentersshelter.org/wp-json/wp/v2/pages/3606.json]
[carpentersshelter.org/wp-json/oembed/1.0/embed127a.json]
[carpentersshelter.org/wp-json/oembed/1.0/embed06e2]
[carpentersshelter.org/stock-gifts/index.html]
[carpentersshelter.org/wp-content/uploads/elementor/css/post-3622943e.css]
[carpentersshelter.org/wp-json/wp/v2/pages/3622.json]
[carpentersshelter.org/wp-json/oembed/1.0/embed002d.json]
[carpentersshelter.org/wp-json/oembed/1.0/embedd024]
[carpentersshelter.org/planned-giving/index.html]
[carpentersshelter.org/wp-content/uploads/2024/03/Job-Coach-2-scaled.jpg]
[carpentersshelter.org/wp-content/uploads/elementor/css/post-363289be.css]
[carpentersshelter.org/wp-json/wp/v2/pages/3632.json]
[carpentersshelter.org/wp-json/oembed/1.0/embed879a.json]
[carpentersshelter.org/wp-json/oembed/1.0/embedca0f]
[carpentersshelter.org/in-kind/index.html]
[carpentersshelter.org/wp-content/uploads/elementor/css/post-8677d72a.css]
[carpentersshelter.org/wp-json/wp/v2/pages/8677.json]
[carpentersshelter.org/wp-json/oembed/1.0/embed5c32.json]
[carpentersshelter.org/wp-json/oembed/1.0/embedfeba]
[carpentersshelter.org/campaigns/index.html]
[carpentersshelter.org/wp-content/uploads/2024/07/Ways-to-Give-Campaigns-Tile.png]
[carpentersshelter.org/wp-content/uploads/elementor/css/post-18590c3b.css]
[carpentersshelter.org/wp-json/wp/v2/pages/1859.json]
[carpentersshelter.org/wp-json/oembed/1.0/embed5e9a.json]
[carpentersshelter.org/wp-json/oembed/1.0/embedba9c]
[carpentersshelter.org/wp-content/uploads/2024/03/Volunteer-Kitchen-scaled.jpg]
[carpentersshelter.org/wp-content/uploads/2024/03/Volunteer-Front-Desk-1024x683.jpg]
[carpentersshelter.org/wp-content/uploads/2024/03/Volunteer-Childrens-Hour-683x1024.jpg]
[carpentersshelter.org/wp-content/uploads/2024/03/Volunteer-Day-of-Impact-987x1024.jpg]
[carpentersshelter.org/kitchen/index.html]
[carpentersshelter.org/professional-development/index.html]
[carpentersshelter.org/wp-content/uploads/2024/03/Volunteer-Youth-Service-1-1024x974.jpg]
[carpentersshelter.org/volunteer/index.html]
[carpentersshelter.org/front-desk/index.html]
[carpentersshelter.org/day-of-service/index.html]
[carpentersshelter.org/childrens-hour/index.html]
[carpentersshelter.org/youth-service/index.html]
[carpentersshelter.org/wp-content/uploads/essential-addons-elementor/eael-9416867.css]
[carpentersshelter.org/wp-content/plugins/elementor/assets/css/widget-google_maps.min52dd.css]
[carpentersshelter.org/wp-content/uploads/elementor/css/post-9416fe7.css]
[carpentersshelter.org/wp-json/wp/v2/pages/941.json]
[carpentersshelter.org/wp-json/oembed/1.0/embedfd30.json]
[carpentersshelter.org/wp-json/oembed/1.0/embed8a59]
[carpentersshelter.org/wp-content/uploads/essential-addons-elementor/eael-9416867.js]
[carpentersshelter.org/contact-us/index.html]
[carpentersshelter.org/wp-content/uploads/essential-addons-elementor/eael-7771b154.css]
[carpentersshelter.org/wp-content/uploads/elementor/css/post-777183f1.css]
[carpentersshelter.org/wp-json/wp/v2/pages/7771.json]
[carpentersshelter.org/wp-json/oembed/1.0/embed212d.json]
[carpentersshelter.org/wp-json/oembed/1.0/embed8faa]
[carpentersshelter.org/wp-content/uploads/essential-addons-elementor/eael-7771b154.js]
[carpentersshelter.org/sign-up/index.html]
[carpentersshelter.org/wp-content/plugins/gravityforms/images/spinner.svg]
[carpentersshelter.org/wp-content/uploads/elementor/css/post-3818d529.css]
[carpentersshelter.org/wp-json/wp/v2/pages/3818.json]
[carpentersshelter.org/wp-json/oembed/1.0/embed3a01.json]
[carpentersshelter.org/wp-json/oembed/1.0/embed6e9f]
[carpentersshelter.org/residential-shelters/index.html]
[carpentersshelter.org/wp-admin/admin-ajax.html]
[carpentersshelter.org/wp-content/plugins/gravityforms/fonts/gform-icons-themef60a.svg]
[carpentersshelter.org/wp-content/plugins/gravityforms/images/gf-creditcards.svg]
[carpentersshelter.org/wp-content/plugins/gravityforms/images/gf-creditcards-check.svg]
[carpentersshelter.org/wp-content/plugins/gravityforms/images/list-add.svg]
[carpentersshelter.org/wp-content/plugins/gravityforms/images/list-remove.svg]
[carpentersshelter.org/wp-content/plugins/gravityforms/images/theme/down-arrow.svg]
[carpentersshelter.org/wp-content/uploads/essential-addons-elementor/eael-63646a6.css]
[carpentersshelter.org/wp-content/plugins/elementor/assets/css/conditionals/shapes.min52dd.css]
[carpentersshelter.org/wp-content/uploads/elementor/css/post-6364ec2.css]
[carpentersshelter.org/index8989.html]
[carpentersshelter.org/wp-content/uploads/elementor/css/post-34161cf0.css]
[carpentersshelter.org/wp-content/uploads/2024/03/Family-Bedroom-The-Hoffman-Center-1-1024x597.jpg]
[carpentersshelter.org/wp-content/uploads/elementor/css/post-36251cf0.css]
[carpentersshelter.org/wp-content/plugins/elementor/assets/css/widget-video.min52dd.css]
[carpentersshelter.org/wp-content/plugins/elementor/assets/css/widget-nested-accordion.min52dd.css]
[carpentersshelter.org/wp-content/uploads/elementor/css/custom-widget-nested-tabs.minb42b.css]
[carpentersshelter.org/wp-content/uploads/elementor/css/post-27217aaa.css]
[carpentersshelter.org/indexbb3e.html]
[carpentersshelter.org/wp-content/uploads/2018/07/2018_07_01_TheZebra_Relocation.html]
[carpentersshelter.org/wp-content/uploads/elementor/css/post-940ec72.css]
[carpentersshelter.org/indexb253.html]
[carpentersshelter.org/wp-content/uploads/elementor/css/post-1679f693.css]
[carpentersshelter.org/indexad79.html]
[carpentersshelter.org/wp-content/plugins/elementor-pro/assets/css/widget-posts.min57a7.css]
[carpentersshelter.org/wp-content/uploads/elementor/css/post-262916f3.css]
[carpentersshelter.org/index6b2b.html]
[carpentersshelter.org/wp-content/uploads/2024/03/what-we-do-section-overlay.png]
[carpentersshelter.org/wp-includes/css/dist/block-library/style.min109c.css]
[carpentersshelter.org/wp-content/uploads/elementor/css/post-442264ff.css]
[carpentersshelter.org/wp-json/wp/v2/our_stories/6850.json]
[carpentersshelter.org/our_stories/jeff-2/feed/index.html]
[carpentersshelter.org/homeless-services-assessment-center/index.html]
[carpentersshelter.org/wp-json/oembed/1.0/embed90c6.json]
[carpentersshelter.org/wp-json/oembed/1.0/embedfd41]
[carpentersshelter.org/xmlrpc.php]
[carpentersshelter.org/wp-content/uploads/2024/03/DSC_5254-e1464349823924-1024x891.jpg]
[carpentersshelter.org/wp-includes/js/comment-reply.min109c.js]
[carpentersshelter.org/our_stories/jeff-2/index.html]
[carpentersshelter.org/wp-json/wp/v2/our_stories/6854.json]
[carpentersshelter.org/wp-json/oembed/1.0/embed2e4c.json]
[carpentersshelter.org/wp-json/oembed/1.0/embedc005]
[carpentersshelter.org/our_stories/linda/index.html]
[carpentersshelter.org/our_stories/linda/feed/index.html]
[carpentersshelter.org/wp-json/wp/v2/our_stories/6860.json]
[carpentersshelter.org/wp-json/oembed/1.0/embedfddf.json]
[carpentersshelter.org/our_stories/sandy/feed/index.html]
[carpentersshelter.org/wp-json/oembed/1.0/embed1508]
[carpentersshelter.org/our_stories/sandy/index.html]
[carpentersshelter.org/wp-json/wp/v2/our_stories/6864.json]
[carpentersshelter.org/our_stories/jada/feed/index.html]
[carpentersshelter.org/wp-json/oembed/1.0/embedde02.json]
[carpentersshelter.org/wp-json/oembed/1.0/embed4d42]
[carpentersshelter.org/our_stories/jada/index.html]
[carpentersshelter.org/wp-json/wp/v2/our_stories/6866.json]
[carpentersshelter.org/our_stories/violet/feed/index.html]
[carpentersshelter.org/wp-json/oembed/1.0/embedc8b2.json]
[carpentersshelter.org/wp-json/oembed/1.0/embedacdf]
[carpentersshelter.org/our_stories/violet/index.html]
[carpentersshelter.org/wp-content/uploads/2024/03/Ms-Peggy-2-1024x763.jpg]
[carpentersshelter.org/wp-json/wp/v2/our_stories/6870.json]
[carpentersshelter.org/our_stories/viviane/feed/index.html]
[carpentersshelter.org/wp-json/oembed/1.0/embed5f55.json]
[carpentersshelter.org/wp-json/oembed/1.0/embed6d11]
[carpentersshelter.org/our_stories/viviane/index.html]
[carpentersshelter.org/wp-content/uploads/2024/03/Viviane-1024x683.jpg]
[carpentersshelter.org/wp-content/uploads/2024/03/Clifford-Sanders-scaled-1.jpg]
[carpentersshelter.org/our_stories/robert/index.html]
[carpentersshelter.org/wp-content/uploads/2024/03/Rami-Hakki-edited-for-website.jpg]
[carpentersshelter.org/wp-content/uploads/2024/03/Brittany-D-original-pic-scaled-1.jpg]
[carpentersshelter.org/our_stories/omar/index.html]
[carpentersshelter.org/stories/2/index.html]
[carpentersshelter.org/wp-content/uploads/2024/03/CS01-256.jpg]
[carpentersshelter.org/wp-content/uploads/elementor/css/post-1561f9af.css]
[carpentersshelter.org/index48a5.html]
[carpentersshelter.org/our_stories/brittany/index.html]
[carpentersshelter.org/wp-json/wp/v2/jobs/10049.json]
[carpentersshelter.org/our_stories/roberta/index.html]
[carpentersshelter.org/stories/3/index.html]
[carpentersshelter.org/wp-json/oembed/1.0/embed3089.json]
[carpentersshelter.org/wp-json/oembed/1.0/embed76ee]
[carpentersshelter.org/jobs/kitchen-coordinator/index.html]
[carpentersshelter.org/wp-content/uploads/elementor/css/post-2649cd91.css]
[carpentersshelter.org/index762e.html]
[carpentersshelter.org/wp-content/uploads/elementor/css/post-2121a7dd.css]
[carpentersshelter.org/index5a2e.html]
[carpentersshelter.org/wp-content/uploads/elementor/css/custom-widget-icon-list.minb42b.css]
[carpentersshelter.org/wp-content/uploads/elementor/css/post-15924ddc.css]
[carpentersshelter.org/indexe87f.html]
[carpentersshelter.org/wp-content/uploads/2024/04/85535_Carpenters_Shelter_Annual_Report_New_150.html]
[carpentersshelter.org/wp-content/uploads/elementor/css/post-1650f142.css]
[carpentersshelter.org/indexa730.html]
[carpentersshelter.org/wp-content/plugins/elementor-pro/assets/css/widget-loop-builder.min57a7.css]
[carpentersshelter.org/wp-content/uploads/elementor/css/post-1678911a.css]
[carpentersshelter.org/indexae71.html]
[carpentersshelter.org/wp-content/uploads/essential-addons-elementor/eael-9153b84c.css]
[carpentersshelter.org/wp-content/uploads/elementor/css/post-91536f24.css]
[carpentersshelter.org/wp-content/uploads/elementor/css/post-1663b893.css]
[carpentersshelter.org/index7b62.html]
[carpentersshelter.org/wp-content/uploads/essential-addons-elementor/eael-939875c.css]
[carpentersshelter.org/wp-content/uploads/elementor/css/post-9397185.css]
[carpentersshelter.org/index68cd.html]
[carpentersshelter.org/wp-content/uploads/elementor/css/post-6907c963.css]
[carpentersshelter.org/index685a.html]
[carpentersshelter.org/wp-content/uploads/elementor/css/post-3854fc90.css]
[carpentersshelter.org/index867e.html]
[carpentersshelter.org/wp-content/uploads/elementor/css/post-39286dd8.css]
[carpentersshelter.org/index6085.html]
[carpentersshelter.org/wp-content/uploads/elementor/css/post-3945d7e3.css]
[carpentersshelter.org/indexc4ea.html]
[carpentersshelter.org/wp-content/uploads/elementor/css/post-3970f60f.css]
[carpentersshelter.org/index59b2.html]
[carpentersshelter.org/wp-content/uploads/elementor/css/post-4023ca26.css]
[carpentersshelter.org/index4dfa.html]
[carpentersshelter.org/wp-content/uploads/elementor/css/post-40401b5d.css]
[carpentersshelter.org/indexa784.html]
[carpentersshelter.org/wp-content/uploads/elementor/css/post-4057a825.css]
[carpentersshelter.org/index20e1.html]
[carpentersshelter.org/wp-content/uploads/elementor/css/post-82252d62.css]
[carpentersshelter.org/index93de.html]
[carpentersshelter.org/wp-content/uploads/essential-addons-elementor/eael-2720f664.css]
[carpentersshelter.org/wp-content/uploads/elementor/css/post-2720570a.css]
[carpentersshelter.org/index546c.html]
[carpentersshelter.org/wp-content/uploads/2018/01/Donor-Privacy-Policy.html]
[carpentersshelter.org/Campaigns/index-2.html]
[carpentersshelter.org/wp-content/uploads/elementor/css/post-3565cd5c.css]
[carpentersshelter.org/index4b65.html]
[carpentersshelter.org/wp-content/uploads/elementor/css/post-3577e677.css]
[carpentersshelter.org/indexab8d.html]
[carpentersshelter.org/wp-content/uploads/elementor/css/post-3606fd93.css]
[carpentersshelter.org/indexa012.html]
[carpentersshelter.org/wp-content/uploads/elementor/css/post-3622943e.css]
[carpentersshelter.org/indexf400.html]
[carpentersshelter.org/wp-content/uploads/elementor/css/post-363289be.css]
[carpentersshelter.org/index07bb.html]
[carpentersshelter.org/wp-content/uploads/elementor/css/post-8677d72a.css]
[carpentersshelter.org/indexde8b.html]
[carpentersshelter.org/wp-content/uploads/elementor/css/post-18590c3b.css]
[carpentersshelter.org/index64f7.html]
[carpentersshelter.org/wp-content/uploads/elementor/css/post-79474f8f.css]
[carpentersshelter.org/wp-json/wp/v2/pages/7947.json]
[carpentersshelter.org/wp-json/oembed/1.0/embed4b63.json]
[carpentersshelter.org/wp-json/oembed/1.0/embed1162]
[carpentersshelter.org/kitchen/index.html]
[carpentersshelter.org/wp-content/uploads/elementor/css/post-79559dff.css]
[carpentersshelter.org/wp-json/wp/v2/pages/7955.json]
[carpentersshelter.org/wp-json/oembed/1.0/embed677b.json]
[carpentersshelter.org/wp-json/oembed/1.0/embede912]
[carpentersshelter.org/front-desk/index.html]
[carpentersshelter.org/wp-content/uploads/elementor/css/post-79672763.css]
[carpentersshelter.org/wp-json/wp/v2/pages/7967.json]
[carpentersshelter.org/wp-json/oembed/1.0/embed563a.json]
[carpentersshelter.org/wp-json/oembed/1.0/embed072f]
[carpentersshelter.org/professional-development/index.html]
[carpentersshelter.org/wp-content/uploads/elementor/css/post-7975ba10.css]
[carpentersshelter.org/wp-json/wp/v2/pages/7975.json]
[carpentersshelter.org/wp-json/oembed/1.0/embed55fa.json]
[carpentersshelter.org/wp-json/oembed/1.0/embed1c5c]
[carpentersshelter.org/childrens-hour/index.html]
[carpentersshelter.org/wp-content/uploads/elementor/css/post-7983821b.css]
[carpentersshelter.org/wp-json/wp/v2/pages/7983.json]
[carpentersshelter.org/wp-json/oembed/1.0/embed440c.json]
[carpentersshelter.org/wp-json/oembed/1.0/embed92dd]
[carpentersshelter.org/day-of-service/index.html]
[carpentersshelter.org/wp-content/uploads/elementor/css/post-79927748.css]
[carpentersshelter.org/wp-json/wp/v2/pages/7992.json]
[carpentersshelter.org/wp-json/oembed/1.0/embedd086.json]
[carpentersshelter.org/wp-json/oembed/1.0/embedc8f2]
[carpentersshelter.org/youth-service/index.html]
[carpentersshelter.org/wp-content/uploads/essential-addons-elementor/eael-9416867.css]
[carpentersshelter.org/wp-content/plugins/elementor/assets/css/widget-google_maps.min52dd.css]
[carpentersshelter.org/wp-content/uploads/elementor/css/post-9416fe7.css]
[carpentersshelter.org/index1426.html]
[carpentersshelter.org/wp-content/uploads/essential-addons-elementor/eael-7771b154.css]
[carpentersshelter.org/wp-content/uploads/elementor/css/post-777183f1.css]
[carpentersshelter.org/indexf7db.html]
[carpentersshelter.org/wp-content/uploads/elementor/css/post-3818d529.css]
[carpentersshelter.org/index15c4.html]
[carpentersshelter.org/wp-content/uploads/elementor/css/post-49951640.css]
[carpentersshelter.org/wp-json/wp/v2/pages/4995.json]
[carpentersshelter.org/wp-json/oembed/1.0/embed60f6.json]
[carpentersshelter.org/wp-json/oembed/1.0/embed2a99]
[carpentersshelter.org/homeless-services-assessment-center/index.html]
[carpentersshelter.org/our_stories/jeff-2/feed/index.html]
[carpentersshelter.org/wp-includes/css/dist/block-library/style.min109c.css]
[carpentersshelter.org/wp-content/uploads/elementor/css/post-442264ff.css]
[carpentersshelter.org/index7d10.html]
[carpentersshelter.org/xmlrpc.html]
[carpentersshelter.org/our_stories/linda/feed/index.html]
[carpentersshelter.org/index9e6d.html]
[carpentersshelter.org/our_stories/sandy/feed/index.html]
[carpentersshelter.org/index39e8.html]
[carpentersshelter.org/our_stories/jada/feed/index.html]
[carpentersshelter.org/indexcef9.html]
[carpentersshelter.org/our_stories/violet/feed/index.html]
[carpentersshelter.org/index53f2.html]
[carpentersshelter.org/our_stories/viviane/feed/index.html]
[carpentersshelter.org/indexa676.html]
[carpentersshelter.org/wp-json/wp/v2/our_stories/6872.json]
[carpentersshelter.org/our_stories/robert/feed/index.html]
[carpentersshelter.org/wp-json/oembed/1.0/embed6256.json]
[carpentersshelter.org/wp-json/oembed/1.0/embed2eb2]
[carpentersshelter.org/our_stories/robert/index.html]
[carpentersshelter.org/wp-content/uploads/2024/03/Clifford-Sanders-scaled-1-768x1024.jpg]
[carpentersshelter.org/wp-json/wp/v2/our_stories/6874.json]
[carpentersshelter.org/our_stories/omar/feed/index.html]
[carpentersshelter.org/wp-json/oembed/1.0/embedb683.json]
[carpentersshelter.org/wp-json/oembed/1.0/embedb8a7]
[carpentersshelter.org/our_stories/omar/index.html]
[carpentersshelter.org/wp-content/uploads/2024/03/Rami-Hakki-edited-for-website-967x1024.jpg]
[carpentersshelter.org/wp-json/wp/v2/our_stories/6877.json]
[carpentersshelter.org/wp-json/oembed/1.0/embedebda.json]
[carpentersshelter.org/our_stories/brittany/feed/index.html]
[carpentersshelter.org/wp-json/oembed/1.0/embed46e0]
[carpentersshelter.org/our_stories/brittany/index.html]
[carpentersshelter.org/wp-content/uploads/2024/03/Brittany-D-original-pic-scaled-1-683x1024.jpg]
[carpentersshelter.org/wp-json/wp/v2/our_stories/6883.json]
[carpentersshelter.org/our_stories/roberta/feed/index.html]
[carpentersshelter.org/wp-json/oembed/1.0/embedc16f.json]
[carpentersshelter.org/wp-json/oembed/1.0/embed6b41]
[carpentersshelter.org/our_stories/roberta/index.html]
[carpentersshelter.org/stories/3/index.html]
[carpentersshelter.org/index502b.html]
[carpentersshelter.org/wp-content/uploads/elementor/css/post-79474f8f.css]
[carpentersshelter.org/index723e.html]
[carpentersshelter.org/wp-content/uploads/elementor/css/post-79559dff.css]
[carpentersshelter.org/indexde97.html]
[carpentersshelter.org/wp-content/uploads/elementor/css/post-79672763.css]
[carpentersshelter.org/index6fad.html]
[carpentersshelter.org/wp-content/uploads/elementor/css/post-7975ba10.css]
[carpentersshelter.org/indexd4c1.html]
[carpentersshelter.org/wp-content/uploads/elementor/css/post-7983821b.css]
[carpentersshelter.org/index7aa6.html]
[carpentersshelter.org/wp-content/uploads/elementor/css/post-79927748.css]
[carpentersshelter.org/index040b.html]
[carpentersshelter.org/wp-content/uploads/elementor/css/post-49951640.css]
[carpentersshelter.org/indexc1b5.html]
[carpentersshelter.org/our_stories/robert/feed/index.html]
[carpentersshelter.org/index24ff.html]
[carpentersshelter.org/our_stories/omar/feed/index.html]
[carpentersshelter.org/index33f2.html]
[carpentersshelter.org/our_stories/brittany/feed/index.html]
[carpentersshelter.org/index7dfb.html]
[carpentersshelter.org/our_stories/roberta/feed/index.html]
[carpentersshelter.org/index9339.html]
[carpentersshelter.org/wp-content/uploads/2024/03/CS01-256-1024x683.jpg]
